// Jest Snapshot v1, https://goo.gl/fbAQLP

exports[`matches snapshot 1`] = `
<div
  className="Pokedex"
>
  <Pokecard
    id={4}
    key="4"
    name="Charmander"
    type="fire"
  />
  <Pokecard
    id={7}
    key="7"
    name="Squirtle"
    type="water"
  />
  <Pokecard
    id={11}
    key="11"
    name="Metapod"
    type="bug"
  />
  <Pokecard
    id={12}
    key="12"
    name="Butterfree"
    type="flying"
  />
  <Pokecard
    id={25}
    key="25"
    name="Pikachu"
    type="electric"
  />
  <Pokecard
    id={39}
    key="39"
    name="Jigglypuff"
    type="normal"
  />
  <Pokecard
    id={94}
    key="94"
    name="Gengar"
    type="poison"
  />
  <Pokecard
    id={133}
    key="133"
    name="Eevee"
    type="normal"
  />
</div>
`;
